// Jest Snapshot v1, https://goo.gl/fbAQLP

exports[`Footer Snapshot Comprobar la UI del componente Footer 1`] = `
<div
  className="Footer"
>
  <p
    className="Footer-title"
  >
    Platzi Store
  </p>
  <p
    className="Footer-copy"
  >
    Todos los Izquierdos Reservados
  </p>
</div>
`;

exports[`Header SnapShot Comprobar el Snapshot de Header 1`] = `
Array [
  <div
    className="Header"
  >
    <h1
      className="Header-title"
    >
      <a
        href="/"
        onClick={[Function]}
      >
        Platzi Store
      </a>
    </h1>
    <div
      className="Header-checkout"
    >
      <a
        href="/checkout"
        onClick={[Function]}
      >
        <i
          className="fas fa-shopping-basket"
        />
      </a>
    </div>
  </div>,
  " ",
]
`;
